// Jest Snapshot v1, https://goo.gl/fbAQLP

exports[`it supports snapshot testing 1`] = `
Array [
  Object {
    "length": 8,
    "text": "snapshot",
  },
  Object {
    "length": 7,
    "text": "testing",
  },
]
`;

exports[`it supports snapshot testing 2`] = `
Object {
  "length": Array [
    8,
    7,
  ],
  "text": Array [
    "snapshot",
    "testing",
  ],
}
`;
